
> frontend@0.1.0 build
> react-scripts build

node.exe : 
(node:63736) [DEP0176] 
DeprecationWarning: 
fs.F_OK is deprecated, 
use fs.constants.F_OK 
instead
At line:1 char:1
+ & "C:\Program 
Files\nodejs/node.exe" 
"C:\Users\Dell\AppData\
Roaming\n ...
+ ~~~~~~~~~~~~~~~~~~~~~
~~~~~~~~~~~~~~~~~~~~~~~
~~~~~~~~~~~~~~~~~~~~~~~
~~
    + CategoryInfo     
         : 
NotSpecified    : 
((node:63736) [D.    
..ts.F_OK instead:S    
tring) [], RemoteEx    
ception
    + 
FullyQualifiedErr    
orId : NativeComman    
dError
 
(Use `node 
--trace-deprecation 
...` to show where the 
warning was created)
Creating an optimized production build...
Compiled with warnings.

[eslint] 
src\components\CorrelationChart.tsx
  Line 13:3:  'Label' is defined but never used  @typescript-eslint/no-unused-vars

src\components\Footer.tsx
  Line 3:10:  'motion' is defined but never used  @typescript-eslint/no-unused-vars

src\components\PriceTrendChart.tsx
  Line 3:3:  'LineChart' is defined but never used  @typescript-eslint/no-unused-vars
  Line 9:3:  'Legend' is defined but never used     @typescript-eslint/no-unused-vars

src\pages\Home.tsx
  Line 5:8:    'PriceTrendChart' is defined but never used          @typescript-eslint/no-unused-vars
  Line 290:7:  'ChartCard' is assigned a value but never used       @typescript-eslint/no-unused-vars
  Line 597:9:  'historicalData' is assigned a value but never used  @typescript-eslint/no-unused-vars

src\pages\News.tsx
  Line 29:7:  'borderFlow' is assigned a value but never used  @typescript-eslint/no-unused-vars

src\pages\Portfolio.tsx
  Line 7:7:     'shimmer' is assigned a value but never used              @typescript-eslint/no-unused-vars
  Line 348:47:  'removeFromPortfolio' is assigned a value but never used  @typescript-eslint/no-unused-vars

src\pages\PortfolioSector.tsx
  Line 7:62:   'StockSentimentItem' is defined but never used                                                                                         @typescript-eslint/no-unused-vars
  Line 11:10:  'Brain' is defined but never used                                                                                                      @typescript-eslint/no-unused-vars
  Line 416:6:  React Hook useCallback has missing dependencies: 'sectorName' and 'sentimentData'. Either include them or remove the dependency array  react-hooks/exhaustive-deps

src\services\staticHistoricalData.ts
  Line 1:21:  'CorrelationData' is defined but never used  @typescript-eslint/no-unused-vars

src\services\yfinanceService.ts
  Line 40:7:   'indianSectorSymbols' is assigned a value but never used   @typescript-eslint/no-unused-vars
  Line 205:7:  'getOpportunityRating' is assigned a value but never used  @typescript-eslint/no-unused-vars

Search for the keywords to learn more about each warning.
To ignore, add // eslint-disable-next-line to the line before.

File sizes after gzip:

  280.05 kB  build\static\js\main.f5f0c047.js
  1.76 kB    build\static\js\453.64aababc.chunk.js
  513 B      build\static\css\main.f855e6bc.css

The project was built assuming it is hosted at /.
You can control this with the homepage field in your package.json.

The build folder is ready to be deployed.
You may serve it with a static server:

  npm install -g serve
  serve -s build

Find out more about deployment here:

  https://cra.link/deployment

